python3: can't open file '/home/cdalden/hrrr_forcings.py': [Errno 2] No such file or directory
forcing file created, now running summa
/home/cdalden/summa_setup/model/hrrr_auto_summa_atwater.sh: line 42: forcings/forcing_file_list.txt: No such file or directory
python3: can't open file '/home/cdalden/hrrr_run_summa.py': [Errno 2] No such file or directory
summa run complete, check output folder for output file
density or tempTraceback (most recent call last):
  File "/home/cdalden/summa_setup/twitter_api/tweet_plots_atwater.py", line 62, in <module>
    raise FileNotFoundError(f"No image ending with '{var}.png' found in the ./plots directory")
FileNotFoundError: No image ending with 'temp.png' found in the ./plots directory
mv: cannot stat ‘/home/cdalden/summa_setup/twitter_api/plots/*.png’: No such file or directory
Enter the desired SNOTEL site code (ie. 1107:WA): Enter the output file name (ie. buck_WY16): ********** generating the forcing file, please be patient **********
********** should take ~3 minutes to run **********
Coordinates 40.61552810668945°N -111.62660217285156°E
Elevation 2684.0 m asl
Timezone b'America/Los_Angeles' b'PDT'
Timezone difference to GMT+0 -25200 s
forcing file created, now running summa
/home/cdalden/miniforge3/envs/pysumma/lib/python3.9/site-packages/pysumma/plotting/layers.py:72: RuntimeWarning: All-NaN axis encountered
  norm = plt.Normalize(np.nanmin(var), np.nanmax(var))
/home/cdalden/miniforge3/envs/pysumma/lib/python3.9/site-packages/pysumma/plotting/layers.py:72: RuntimeWarning: All-NaN axis encountered
  norm = plt.Normalize(np.nanmin(var), np.nanmax(var))
Model status: Success
summa run complete, check output folder for output file
density or tempResponse(data={'edit_history_tweet_ids': ['1845502429011526027'], 'text': 'SUMMA-HRRR Snow Depth and Temperature 48hr Forecast initialized 13Oct2024 for Alta, UT (Atwater).\n\nThis tool is automated, experimental, and should not be relied on for decision making. Please refer to https://t.co/odY1QLwZ5F for the avalanche forecast. https://t.co/eiU59urf4Y', 'id': '1845502429011526027'}, includes={}, errors=[], meta={})
Enter the desired SNOTEL site code (ie. 1107:WA): Enter the output file name (ie. buck_WY16): ********** generating the forcing file, please be patient **********
********** should take ~3 minutes to run **********
Coordinates 40.61552810668945°N -111.62660217285156°E
Elevation 2684.0 m asl
Timezone b'America/Los_Angeles' b'PDT'
Timezone difference to GMT+0 -25200 s
forcing file created, now running summa
/home/cdalden/miniforge3/envs/pysumma/lib/python3.9/site-packages/pysumma/plotting/layers.py:72: RuntimeWarning: All-NaN axis encountered
  norm = plt.Normalize(np.nanmin(var), np.nanmax(var))
/home/cdalden/miniforge3/envs/pysumma/lib/python3.9/site-packages/pysumma/plotting/layers.py:72: RuntimeWarning: All-NaN axis encountered
  norm = plt.Normalize(np.nanmin(var), np.nanmax(var))
Model status: Success
summa run complete, check output folder for output file
density or tempResponse(data={'id': '1845769189451235675', 'edit_history_tweet_ids': ['1845769189451235675'], 'text': 'SUMMA-HRRR Snow Depth and Temperature 48hr Forecast initialized 14Oct2024 for Alta, UT (Atwater).\n\nThis tool is automated, experimental, and should not be relied on for decision making. Please refer to https://t.co/odY1QLwZ5F for the avalanche forecast. https://t.co/zVmib7QRio'}, includes={}, errors=[], meta={})
Enter the desired SNOTEL site code (ie. 1107:WA): Enter the output file name (ie. buck_WY16): ********** generating the forcing file, please be patient **********
********** should take ~3 minutes to run **********
Coordinates 40.61552810668945°N -111.62660217285156°E
Elevation 2684.0 m asl
Timezone b'America/Los_Angeles' b'PDT'
Timezone difference to GMT+0 -25200 s
forcing file created, now running summa
/home/cdalden/miniforge3/envs/pysumma/lib/python3.9/site-packages/pysumma/plotting/layers.py:72: RuntimeWarning: All-NaN axis encountered
  norm = plt.Normalize(np.nanmin(var), np.nanmax(var))
/home/cdalden/miniforge3/envs/pysumma/lib/python3.9/site-packages/pysumma/plotting/layers.py:72: RuntimeWarning: All-NaN axis encountered
  norm = plt.Normalize(np.nanmin(var), np.nanmax(var))
Model status: Success
summa run complete, check output folder for output file
density or tempResponse(data={'id': '1846131574028620064', 'text': 'SUMMA-HRRR Snow Depth and Temperature 48hr Forecast initialized 15Oct2024 for Alta, UT (Atwater).\n\nThis tool is automated, experimental, and should not be relied on for decision making. Please refer to https://t.co/odY1QLwZ5F for the avalanche forecast. https://t.co/3OMyz1PKdc', 'edit_history_tweet_ids': ['1846131574028620064']}, includes={}, errors=[], meta={})
Enter the desired SNOTEL site code (ie. 1107:WA): Enter the output file name (ie. buck_WY16): ********** generating the forcing file, please be patient **********
********** should take ~3 minutes to run **********
Coordinates 40.61552810668945°N -111.62660217285156°E
Elevation 2684.0 m asl
Timezone b'America/Los_Angeles' b'PDT'
Timezone difference to GMT+0 -25200 s
forcing file created, now running summa
Traceback (most recent call last):
  File "/home/cdalden/miniforge3/envs/pysumma/lib/python3.9/site-packages/xarray/backends/file_manager.py", line 211, in _acquire_with_cache_info
    file = self._cache[self._key]
  File "/home/cdalden/miniforge3/envs/pysumma/lib/python3.9/site-packages/xarray/backends/lru_cache.py", line 56, in __getitem__
    value = self._cache[key]
KeyError: [<class 'netCDF4._netCDF4.Dataset'>, ('/home/cdalden/summa_setup/model/settings/.pysumma/params/parameter_trial.nc',), 'a', (('clobber', True), ('diskless', False), ('format', 'NETCDF4'), ('persist', False)), '522047a4-93af-46f1-89cc-e6f53b7871b3']

During handling of the above exception, another exception occurred:

Traceback (most recent call last):
  File "/home/cdalden/summa_setup/model/hrrr_run_summa.py", line 75, in <module>
    s.run('local', run_suffix=out_name)
  File "/home/cdalden/miniforge3/envs/pysumma/lib/python3.9/site-packages/pysumma/simulation.py", line 369, in run
    self.start(run_option, run_suffix, processes, prerun_cmds,
  File "/home/cdalden/miniforge3/envs/pysumma/lib/python3.9/site-packages/pysumma/simulation.py", line 318, in start
    self._write_configuration(name=run_suffix)
  File "/home/cdalden/miniforge3/envs/pysumma/lib/python3.9/site-packages/pysumma/simulation.py", line 452, in _write_configuration
    self.trial_params.to_netcdf(settings_path / self.manager['trialParamFile'].value)
  File "/home/cdalden/miniforge3/envs/pysumma/lib/python3.9/site-packages/xarray/core/dataset.py", line 2041, in to_netcdf
    return to_netcdf(  # type: ignore  # mypy cannot resolve the overloads:(
  File "/home/cdalden/miniforge3/envs/pysumma/lib/python3.9/site-packages/xarray/backends/api.py", line 1229, in to_netcdf
    store = store_open(target, mode, format, group, **kwargs)
  File "/home/cdalden/miniforge3/envs/pysumma/lib/python3.9/site-packages/xarray/backends/netCDF4_.py", line 400, in open
    return cls(manager, group=group, mode=mode, lock=lock, autoclose=autoclose)
  File "/home/cdalden/miniforge3/envs/pysumma/lib/python3.9/site-packages/xarray/backends/netCDF4_.py", line 347, in __init__
    self.format = self.ds.data_model
  File "/home/cdalden/miniforge3/envs/pysumma/lib/python3.9/site-packages/xarray/backends/netCDF4_.py", line 409, in ds
    return self._acquire()
  File "/home/cdalden/miniforge3/envs/pysumma/lib/python3.9/site-packages/xarray/backends/netCDF4_.py", line 403, in _acquire
    with self._manager.acquire_context(needs_lock) as root:
  File "/home/cdalden/miniforge3/envs/pysumma/lib/python3.9/contextlib.py", line 119, in __enter__
    return next(self.gen)
  File "/home/cdalden/miniforge3/envs/pysumma/lib/python3.9/site-packages/xarray/backends/file_manager.py", line 199, in acquire_context
    file, cached = self._acquire_with_cache_info(needs_lock)
  File "/home/cdalden/miniforge3/envs/pysumma/lib/python3.9/site-packages/xarray/backends/file_manager.py", line 217, in _acquire_with_cache_info
    file = self._opener(*self._args, **kwargs)
  File "src/netCDF4/_netCDF4.pyx", line 2330, in netCDF4._netCDF4.Dataset.__init__
  File "src/netCDF4/_netCDF4.pyx", line 1948, in netCDF4._netCDF4._ensure_nc_success
PermissionError: [Errno 13] Permission denied: b'/home/cdalden/summa_setup/model/settings/.pysumma/params/parameter_trial.nc'
summa run complete, check output folder for output file
density or tempTraceback (most recent call last):
  File "/home/cdalden/summa_setup/twitter_api/tweet_plots_atwater.py", line 62, in <module>
    raise FileNotFoundError(f"No image ending with '{var}.png' found in the ./plots directory")
FileNotFoundError: No image ending with 'temp.png' found in the ./plots directory
mv: cannot stat ‘/home/cdalden/summa_setup/twitter_api/plots/*.png’: No such file or directory
Enter the desired SNOTEL site code (ie. 1107:WA): Enter the output file name (ie. buck_WY16): ********** generating the forcing file, please be patient **********
********** should take ~3 minutes to run **********
Coordinates 40.61552810668945°N -111.62660217285156°E
Elevation 2684.0 m asl
Timezone b'America/Los_Angeles' b'PDT'
Timezone difference to GMT+0 -25200 s
forcing file created, now running summa
Traceback (most recent call last):
  File "/home/cdalden/miniforge3/envs/pysumma/lib/python3.9/site-packages/xarray/backends/file_manager.py", line 211, in _acquire_with_cache_info
    file = self._cache[self._key]
  File "/home/cdalden/miniforge3/envs/pysumma/lib/python3.9/site-packages/xarray/backends/lru_cache.py", line 56, in __getitem__
    value = self._cache[key]
KeyError: [<class 'netCDF4._netCDF4.Dataset'>, ('/home/cdalden/summa_setup/model/settings/.pysumma/params/parameter_trial.nc',), 'a', (('clobber', True), ('diskless', False), ('format', 'NETCDF4'), ('persist', False)), '3a1d6a40-3f2f-4bcf-8950-cf0ff2962209']

During handling of the above exception, another exception occurred:

Traceback (most recent call last):
  File "/home/cdalden/summa_setup/model/hrrr_run_summa.py", line 75, in <module>
    s.run('local', run_suffix=out_name)
  File "/home/cdalden/miniforge3/envs/pysumma/lib/python3.9/site-packages/pysumma/simulation.py", line 369, in run
    self.start(run_option, run_suffix, processes, prerun_cmds,
  File "/home/cdalden/miniforge3/envs/pysumma/lib/python3.9/site-packages/pysumma/simulation.py", line 318, in start
    self._write_configuration(name=run_suffix)
  File "/home/cdalden/miniforge3/envs/pysumma/lib/python3.9/site-packages/pysumma/simulation.py", line 452, in _write_configuration
    self.trial_params.to_netcdf(settings_path / self.manager['trialParamFile'].value)
  File "/home/cdalden/miniforge3/envs/pysumma/lib/python3.9/site-packages/xarray/core/dataset.py", line 2041, in to_netcdf
    return to_netcdf(  # type: ignore  # mypy cannot resolve the overloads:(
  File "/home/cdalden/miniforge3/envs/pysumma/lib/python3.9/site-packages/xarray/backends/api.py", line 1229, in to_netcdf
    store = store_open(target, mode, format, group, **kwargs)
  File "/home/cdalden/miniforge3/envs/pysumma/lib/python3.9/site-packages/xarray/backends/netCDF4_.py", line 400, in open
    return cls(manager, group=group, mode=mode, lock=lock, autoclose=autoclose)
  File "/home/cdalden/miniforge3/envs/pysumma/lib/python3.9/site-packages/xarray/backends/netCDF4_.py", line 347, in __init__
    self.format = self.ds.data_model
  File "/home/cdalden/miniforge3/envs/pysumma/lib/python3.9/site-packages/xarray/backends/netCDF4_.py", line 409, in ds
    return self._acquire()
  File "/home/cdalden/miniforge3/envs/pysumma/lib/python3.9/site-packages/xarray/backends/netCDF4_.py", line 403, in _acquire
    with self._manager.acquire_context(needs_lock) as root:
  File "/home/cdalden/miniforge3/envs/pysumma/lib/python3.9/contextlib.py", line 119, in __enter__
    return next(self.gen)
  File "/home/cdalden/miniforge3/envs/pysumma/lib/python3.9/site-packages/xarray/backends/file_manager.py", line 199, in acquire_context
    file, cached = self._acquire_with_cache_info(needs_lock)
  File "/home/cdalden/miniforge3/envs/pysumma/lib/python3.9/site-packages/xarray/backends/file_manager.py", line 217, in _acquire_with_cache_info
    file = self._opener(*self._args, **kwargs)
  File "src/netCDF4/_netCDF4.pyx", line 2330, in netCDF4._netCDF4.Dataset.__init__
  File "src/netCDF4/_netCDF4.pyx", line 1948, in netCDF4._netCDF4._ensure_nc_success
PermissionError: [Errno 13] Permission denied: b'/home/cdalden/summa_setup/model/settings/.pysumma/params/parameter_trial.nc'
summa run complete, check output folder for output file
density or tempTraceback (most recent call last):
  File "/home/cdalden/summa_setup/twitter_api/tweet_plots_atwater.py", line 62, in <module>
    raise FileNotFoundError(f"No image ending with '{var}.png' found in the ./plots directory")
FileNotFoundError: No image ending with 'temp.png' found in the ./plots directory
mv: cannot stat ‘/home/cdalden/summa_setup/twitter_api/plots/*.png’: No such file or directory
Enter the desired SNOTEL site code (ie. 1107:WA): Enter the output file name (ie. buck_WY16): ********** generating the forcing file, please be patient **********
********** should take ~3 minutes to run **********
Coordinates 40.61552810668945°N -111.62660217285156°E
Elevation 2684.0 m asl
Timezone b'America/Los_Angeles' b'PDT'
Timezone difference to GMT+0 -25200 s
forcing file created, now running summa
/home/cdalden/miniforge3/envs/pysumma/lib/python3.9/site-packages/pysumma/plotting/layers.py:72: RuntimeWarning: All-NaN axis encountered
  norm = plt.Normalize(np.nanmin(var), np.nanmax(var))
Model status: Success
summa run complete, check output folder for output file
density or tempResponse(data={'edit_history_tweet_ids': ['1847218878960812136'], 'text': 'SUMMA-HRRR Snow Depth and Temperature 48hr Forecast initialized 18Oct2024 for Alta, UT (Atwater).\n\nThis tool is automated, experimental, and should not be relied on for decision making. Please refer to https://t.co/odY1QLwZ5F for the avalanche forecast. https://t.co/1q3eSfL4ls', 'id': '1847218878960812136'}, includes={}, errors=[], meta={})
Enter the desired SNOTEL site code (ie. 1107:WA): Enter the output file name (ie. buck_WY16): ********** generating the forcing file, please be patient **********
********** should take ~3 minutes to run **********
Coordinates 40.61552810668945°N -111.62660217285156°E
Elevation 2684.0 m asl
Timezone b'America/Los_Angeles' b'PDT'
Timezone difference to GMT+0 -25200 s
forcing file created, now running summa
Model status: Success
summa run complete, check output folder for output file
density or tempResponse(data={'id': '1847581121166659619', 'edit_history_tweet_ids': ['1847581121166659619'], 'text': 'SUMMA-HRRR Snow Depth and Temperature 48hr Forecast initialized 19Oct2024 for Alta, UT (Atwater).\n\nThis tool is automated, experimental, and should not be relied on for decision making. Please refer to https://t.co/odY1QLwZ5F for the avalanche forecast. https://t.co/C69igjAKbm'}, includes={}, errors=[], meta={})
Enter the desired SNOTEL site code (ie. 1107:WA): Enter the output file name (ie. buck_WY16): ********** generating the forcing file, please be patient **********
********** should take ~3 minutes to run **********
Coordinates 40.61552810668945°N -111.62660217285156°E
Elevation 2684.0 m asl
Timezone b'America/Los_Angeles' b'PDT'
Timezone difference to GMT+0 -25200 s
forcing file created, now running summa
Model status: Success
summa run complete, check output folder for output file
density or tempResponse(data={'edit_history_tweet_ids': ['1847943511905321201'], 'id': '1847943511905321201', 'text': 'SUMMA-HRRR Snow Depth and Temperature 48hr Forecast initialized 20Oct2024 for Alta, UT (Atwater).\n\nThis tool is automated, experimental, and should not be relied on for decision making. Please refer to https://t.co/odY1QLwZ5F for the avalanche forecast. https://t.co/ZmV2KqA0dj'}, includes={}, errors=[], meta={})
Enter the desired SNOTEL site code (ie. 1107:WA): Enter the output file name (ie. buck_WY16): ********** generating the forcing file, please be patient **********
********** should take ~3 minutes to run **********
Coordinates 40.61552810668945°N -111.62660217285156°E
Elevation 2684.0 m asl
Timezone b'America/Los_Angeles' b'PDT'
Timezone difference to GMT+0 -25200 s
forcing file created, now running summa
Traceback (most recent call last):
  File "/home/cdalden/miniforge3/envs/pysumma/lib/python3.9/site-packages/xarray/backends/file_manager.py", line 211, in _acquire_with_cache_info
    file = self._cache[self._key]
  File "/home/cdalden/miniforge3/envs/pysumma/lib/python3.9/site-packages/xarray/backends/lru_cache.py", line 56, in __getitem__
    value = self._cache[key]
KeyError: [<class 'netCDF4._netCDF4.Dataset'>, ('/home/cdalden/summa_setup/model/settings/.pysumma/params/parameter_trial.nc',), 'a', (('clobber', True), ('diskless', False), ('format', 'NETCDF4'), ('persist', False)), '74fa8465-f130-4631-a29f-60f4bdcaadb0']

During handling of the above exception, another exception occurred:

Traceback (most recent call last):
  File "/home/cdalden/summa_setup/model/hrrr_run_summa.py", line 75, in <module>
    s.run('local', run_suffix=out_name)
  File "/home/cdalden/miniforge3/envs/pysumma/lib/python3.9/site-packages/pysumma/simulation.py", line 369, in run
    self.start(run_option, run_suffix, processes, prerun_cmds,
  File "/home/cdalden/miniforge3/envs/pysumma/lib/python3.9/site-packages/pysumma/simulation.py", line 318, in start
    self._write_configuration(name=run_suffix)
  File "/home/cdalden/miniforge3/envs/pysumma/lib/python3.9/site-packages/pysumma/simulation.py", line 452, in _write_configuration
    self.trial_params.to_netcdf(settings_path / self.manager['trialParamFile'].value)
  File "/home/cdalden/miniforge3/envs/pysumma/lib/python3.9/site-packages/xarray/core/dataset.py", line 2041, in to_netcdf
    return to_netcdf(  # type: ignore  # mypy cannot resolve the overloads:(
  File "/home/cdalden/miniforge3/envs/pysumma/lib/python3.9/site-packages/xarray/backends/api.py", line 1229, in to_netcdf
    store = store_open(target, mode, format, group, **kwargs)
  File "/home/cdalden/miniforge3/envs/pysumma/lib/python3.9/site-packages/xarray/backends/netCDF4_.py", line 400, in open
    return cls(manager, group=group, mode=mode, lock=lock, autoclose=autoclose)
  File "/home/cdalden/miniforge3/envs/pysumma/lib/python3.9/site-packages/xarray/backends/netCDF4_.py", line 347, in __init__
    self.format = self.ds.data_model
  File "/home/cdalden/miniforge3/envs/pysumma/lib/python3.9/site-packages/xarray/backends/netCDF4_.py", line 409, in ds
    return self._acquire()
  File "/home/cdalden/miniforge3/envs/pysumma/lib/python3.9/site-packages/xarray/backends/netCDF4_.py", line 403, in _acquire
    with self._manager.acquire_context(needs_lock) as root:
  File "/home/cdalden/miniforge3/envs/pysumma/lib/python3.9/contextlib.py", line 119, in __enter__
    return next(self.gen)
  File "/home/cdalden/miniforge3/envs/pysumma/lib/python3.9/site-packages/xarray/backends/file_manager.py", line 199, in acquire_context
    file, cached = self._acquire_with_cache_info(needs_lock)
  File "/home/cdalden/miniforge3/envs/pysumma/lib/python3.9/site-packages/xarray/backends/file_manager.py", line 217, in _acquire_with_cache_info
    file = self._opener(*self._args, **kwargs)
  File "src/netCDF4/_netCDF4.pyx", line 2330, in netCDF4._netCDF4.Dataset.__init__
  File "src/netCDF4/_netCDF4.pyx", line 1948, in netCDF4._netCDF4._ensure_nc_success
PermissionError: [Errno 13] Permission denied: b'/home/cdalden/summa_setup/model/settings/.pysumma/params/parameter_trial.nc'
summa run complete, check output folder for output file
density or tempTraceback (most recent call last):
  File "/home/cdalden/summa_setup/twitter_api/tweet_plots_atwater.py", line 62, in <module>
    raise FileNotFoundError(f"No image ending with '{var}.png' found in the ./plots directory")
FileNotFoundError: No image ending with 'temp.png' found in the ./plots directory
mv: cannot stat ‘/home/cdalden/summa_setup/twitter_api/plots/*.png’: No such file or directory
Enter the desired SNOTEL site code (ie. 1107:WA): Enter the output file name (ie. buck_WY16): ********** generating the forcing file, please be patient **********
********** should take ~3 minutes to run **********
Coordinates 40.61552810668945°N -111.62660217285156°E
Elevation 2684.0 m asl
Timezone b'America/Los_Angeles' b'PDT'
Timezone difference to GMT+0 -25200 s
forcing file created, now running summa
Model status: Success
summa run complete, check output folder for output file
density or tempResponse(data={'id': '1848668287485575576', 'text': 'SUMMA-HRRR Snow Depth and Temperature 48hr Forecast initialized 22Oct2024 for Alta, UT (Atwater).\n\nThis tool is automated, experimental, and should not be relied on for decision making. Please refer to https://t.co/odY1QLwZ5F for the avalanche forecast. https://t.co/Twit9GoatX', 'edit_history_tweet_ids': ['1848668287485575576']}, includes={}, errors=[], meta={})
Enter the desired SNOTEL site code (ie. 1107:WA): Enter the output file name (ie. buck_WY16): ********** generating the forcing file, please be patient **********
********** should take ~3 minutes to run **********
Coordinates 40.61552810668945°N -111.62660217285156°E
Elevation 2684.0 m asl
Timezone b'America/Los_Angeles' b'PDT'
Timezone difference to GMT+0 -25200 s
forcing file created, now running summa
Model status: Success
summa run complete, check output folder for output file
density or tempResponse(data={'id': '1849030675837735393', 'text': 'SUMMA-HRRR Snow Depth and Temperature 48hr Forecast initialized 23Oct2024 for Alta, UT (Atwater).\n\nThis tool is automated, experimental, and should not be relied on for decision making. Please refer to https://t.co/odY1QLwZ5F for the avalanche forecast. https://t.co/b70AVvoRjq', 'edit_history_tweet_ids': ['1849030675837735393']}, includes={}, errors=[], meta={})
Enter the desired SNOTEL site code (ie. 1107:WA): Enter the output file name (ie. buck_WY16): ********** generating the forcing file, please be patient **********
********** should take ~3 minutes to run **********
Coordinates 40.61552810668945°N -111.62660217285156°E
Elevation 2684.0 m asl
Timezone b'America/Los_Angeles' b'PDT'
Timezone difference to GMT+0 -25200 s
forcing file created, now running summa
Model status: Success
summa run complete, check output folder for output file
density or tempResponse(data={'id': '1849393070498025535', 'text': 'SUMMA-HRRR Snow Depth and Temperature 48hr Forecast initialized 24Oct2024 for Alta, UT (Atwater).\n\nThis tool is automated, experimental, and should not be relied on for decision making. Please refer to https://t.co/odY1QLwZ5F for the avalanche forecast. https://t.co/vySYbodAKj', 'edit_history_tweet_ids': ['1849393070498025535']}, includes={}, errors=[], meta={})
Enter the desired SNOTEL site code (ie. 1107:WA): Enter the output file name (ie. buck_WY16): ********** generating the forcing file, please be patient **********
********** should take ~3 minutes to run **********
Coordinates 40.61552810668945°N -111.62660217285156°E
Elevation 2684.0 m asl
Timezone b'America/Los_Angeles' b'PDT'
Timezone difference to GMT+0 -25200 s
forcing file created, now running summa
Traceback (most recent call last):
  File "/home/cdalden/miniforge3/envs/pysumma/lib/python3.9/site-packages/xarray/backends/file_manager.py", line 211, in _acquire_with_cache_info
    file = self._cache[self._key]
  File "/home/cdalden/miniforge3/envs/pysumma/lib/python3.9/site-packages/xarray/backends/lru_cache.py", line 56, in __getitem__
    value = self._cache[key]
KeyError: [<class 'netCDF4._netCDF4.Dataset'>, ('/home/cdalden/summa_setup/model/settings/.pysumma/params/parameter_trial.nc',), 'a', (('clobber', True), ('diskless', False), ('format', 'NETCDF4'), ('persist', False)), 'fbb0499a-3da1-434d-9864-3bb03c03d9b1']

During handling of the above exception, another exception occurred:

Traceback (most recent call last):
  File "/home/cdalden/summa_setup/model/hrrr_run_summa.py", line 75, in <module>
    s.run('local', run_suffix=out_name)
  File "/home/cdalden/miniforge3/envs/pysumma/lib/python3.9/site-packages/pysumma/simulation.py", line 369, in run
    self.start(run_option, run_suffix, processes, prerun_cmds,
  File "/home/cdalden/miniforge3/envs/pysumma/lib/python3.9/site-packages/pysumma/simulation.py", line 318, in start
    self._write_configuration(name=run_suffix)
  File "/home/cdalden/miniforge3/envs/pysumma/lib/python3.9/site-packages/pysumma/simulation.py", line 452, in _write_configuration
    self.trial_params.to_netcdf(settings_path / self.manager['trialParamFile'].value)
  File "/home/cdalden/miniforge3/envs/pysumma/lib/python3.9/site-packages/xarray/core/dataset.py", line 2041, in to_netcdf
    return to_netcdf(  # type: ignore  # mypy cannot resolve the overloads:(
  File "/home/cdalden/miniforge3/envs/pysumma/lib/python3.9/site-packages/xarray/backends/api.py", line 1229, in to_netcdf
    store = store_open(target, mode, format, group, **kwargs)
  File "/home/cdalden/miniforge3/envs/pysumma/lib/python3.9/site-packages/xarray/backends/netCDF4_.py", line 400, in open
    return cls(manager, group=group, mode=mode, lock=lock, autoclose=autoclose)
  File "/home/cdalden/miniforge3/envs/pysumma/lib/python3.9/site-packages/xarray/backends/netCDF4_.py", line 347, in __init__
    self.format = self.ds.data_model
  File "/home/cdalden/miniforge3/envs/pysumma/lib/python3.9/site-packages/xarray/backends/netCDF4_.py", line 409, in ds
    return self._acquire()
  File "/home/cdalden/miniforge3/envs/pysumma/lib/python3.9/site-packages/xarray/backends/netCDF4_.py", line 403, in _acquire
    with self._manager.acquire_context(needs_lock) as root:
  File "/home/cdalden/miniforge3/envs/pysumma/lib/python3.9/contextlib.py", line 119, in __enter__
    return next(self.gen)
  File "/home/cdalden/miniforge3/envs/pysumma/lib/python3.9/site-packages/xarray/backends/file_manager.py", line 199, in acquire_context
    file, cached = self._acquire_with_cache_info(needs_lock)
  File "/home/cdalden/miniforge3/envs/pysumma/lib/python3.9/site-packages/xarray/backends/file_manager.py", line 217, in _acquire_with_cache_info
    file = self._opener(*self._args, **kwargs)
  File "src/netCDF4/_netCDF4.pyx", line 2330, in netCDF4._netCDF4.Dataset.__init__
  File "src/netCDF4/_netCDF4.pyx", line 1948, in netCDF4._netCDF4._ensure_nc_success
PermissionError: [Errno 13] Permission denied: b'/home/cdalden/summa_setup/model/settings/.pysumma/params/parameter_trial.nc'
summa run complete, check output folder for output file
density or tempTraceback (most recent call last):
  File "/home/cdalden/summa_setup/twitter_api/tweet_plots_atwater.py", line 62, in <module>
    raise FileNotFoundError(f"No image ending with '{var}.png' found in the ./plots directory")
FileNotFoundError: No image ending with 'temp.png' found in the ./plots directory
mv: cannot stat ‘/home/cdalden/summa_setup/twitter_api/plots/*.png’: No such file or directory
Enter the desired SNOTEL site code (ie. 1107:WA): Enter the output file name (ie. buck_WY16): ********** generating the forcing file, please be patient **********
********** should take ~3 minutes to run **********
Coordinates 40.61552810668945°N -111.62660217285156°E
Elevation 2684.0 m asl
Timezone b'America/Los_Angeles' b'PDT'
Timezone difference to GMT+0 -25200 s
forcing file created, now running summa
Model status: Success
summa run complete, check output folder for output file
density or tempResponse(data={'text': 'SUMMA-HRRR Snow Depth and Temperature 48hr Forecast initialized 26Oct2024 for Alta, UT (Atwater).\n\nThis tool is automated, experimental, and should not be relied on for decision making. Please refer to https://t.co/odY1QLwZ5F for the avalanche forecast. https://t.co/5Zah1aE2jF', 'edit_history_tweet_ids': ['1850117845163909192'], 'id': '1850117845163909192'}, includes={}, errors=[], meta={})
Enter the desired SNOTEL site code (ie. 1107:WA): Enter the output file name (ie. buck_WY16): ********** generating the forcing file, please be patient **********
********** should take ~3 minutes to run **********
Coordinates 40.61552810668945°N -111.62660217285156°E
Elevation 2684.0 m asl
Timezone b'America/Los_Angeles' b'PDT'
Timezone difference to GMT+0 -25200 s
forcing file created, now running summa
Model status: Success
summa run complete, check output folder for output file
density or tempResponse(data={'text': 'SUMMA-HRRR Snow Depth and Temperature 48hr Forecast initialized 27Oct2024 for Alta, UT (Atwater).\n\nThis tool is automated, experimental, and should not be relied on for decision making. Please refer to https://t.co/odY1QLwZ5F for the avalanche forecast. https://t.co/jMk0ZoMjYY', 'id': '1850480236418511266', 'edit_history_tweet_ids': ['1850480236418511266']}, includes={}, errors=[], meta={})
Enter the desired SNOTEL site code (ie. 1107:WA): Enter the output file name (ie. buck_WY16): ********** generating the forcing file, please be patient **********
********** should take ~3 minutes to run **********
Coordinates 40.61552810668945°N -111.62660217285156°E
Elevation 2684.0 m asl
Timezone b'America/Los_Angeles' b'PDT'
Timezone difference to GMT+0 -25200 s
forcing file created, now running summa
Model status: Success
summa run complete, check output folder for output file
density or tempResponse(data={'text': 'SUMMA-HRRR Snow Depth and Temperature 48hr Forecast initialized 28Oct2024 for Alta, UT (Atwater).\n\nThis tool is automated, experimental, and should not be relied on for decision making. Please refer to https://t.co/odY1QLwZ5F for the avalanche forecast. https://t.co/sw18g5yEgl', 'id': '1850842621679374775', 'edit_history_tweet_ids': ['1850842621679374775']}, includes={}, errors=[], meta={})
Enter the desired SNOTEL site code (ie. 1107:WA): Enter the output file name (ie. buck_WY16): ********** generating the forcing file, please be patient **********
********** should take ~3 minutes to run **********
Coordinates 40.61552810668945°N -111.62660217285156°E
Elevation 2684.0 m asl
Timezone b'America/Los_Angeles' b'PDT'
Timezone difference to GMT+0 -25200 s
forcing file created, now running summa
Model status: Success
summa run complete, check output folder for output file
density or tempResponse(data={'text': 'SUMMA-HRRR Snow Depth and Temperature 48hr Forecast initialized 29Oct2024 for Alta, UT (Atwater).\n\nThis tool is automated, experimental, and should not be relied on for decision making. Please refer to https://t.co/odY1QLwZ5F for the avalanche forecast. https://t.co/PvKW2DVc3q', 'edit_history_tweet_ids': ['1851205013127020819'], 'id': '1851205013127020819'}, includes={}, errors=[], meta={})
Enter the desired SNOTEL site code (ie. 1107:WA): Enter the output file name (ie. buck_WY16): ********** generating the forcing file, please be patient **********
********** should take ~3 minutes to run **********
Coordinates 40.61552810668945°N -111.62660217285156°E
Elevation 2684.0 m asl
Timezone b'America/Los_Angeles' b'PDT'
Timezone difference to GMT+0 -25200 s
forcing file created, now running summa
Model status: Success
summa run complete, check output folder for output file
density or tempResponse(data={'text': 'SUMMA-HRRR Snow Depth and Temperature 48hr Forecast initialized 30Oct2024 for Alta, UT (Atwater).\n\nThis tool is automated, experimental, and should not be relied on for decision making. Please refer to https://t.co/odY1QLwZ5F for the avalanche forecast. https://t.co/2WaV5a2ARa', 'id': '1851567403215597970', 'edit_history_tweet_ids': ['1851567403215597970']}, includes={}, errors=[], meta={})
Enter the desired SNOTEL site code (ie. 1107:WA): Enter the output file name (ie. buck_WY16): ********** generating the forcing file, please be patient **********
********** should take ~3 minutes to run **********
Coordinates 40.61552810668945°N -111.62660217285156°E
Elevation 2684.0 m asl
Timezone b'America/Los_Angeles' b'PDT'
Timezone difference to GMT+0 -25200 s
forcing file created, now running summa
Model status: Success
summa run complete, check output folder for output file
density or tempResponse(data={'text': 'SUMMA-HRRR Snow Depth and Temperature 48hr Forecast initialized 31Oct2024 for Alta, UT (Atwater).\n\nThis tool is automated, experimental, and should not be relied on for decision making. Please refer to https://t.co/odY1QLwZ5F for the avalanche forecast. https://t.co/HKu24jpy1h', 'id': '1851929793799033124', 'edit_history_tweet_ids': ['1851929793799033124']}, includes={}, errors=[], meta={})
Enter the desired SNOTEL site code (ie. 1107:WA): Enter the output file name (ie. buck_WY16): ********** generating the forcing file, please be patient **********
********** should take ~3 minutes to run **********
Coordinates 40.61552810668945°N -111.62660217285156°E
Elevation 2684.0 m asl
Timezone b'America/Los_Angeles' b'PDT'
Timezone difference to GMT+0 -25200 s
forcing file created, now running summa
Model status: Success
summa run complete, check output folder for output file
density or tempResponse(data={'edit_history_tweet_ids': ['1852292186471375108'], 'id': '1852292186471375108', 'text': 'SUMMA-HRRR Snow Depth and Temperature 48hr Forecast initialized 01Nov2024 for Alta, UT (Atwater).\n\nThis tool is automated, experimental, and should not be relied on for decision making. Please refer to https://t.co/odY1QLwZ5F for the avalanche forecast. https://t.co/KDOzUmIgC0'}, includes={}, errors=[], meta={})
Enter the desired SNOTEL site code (ie. 1107:WA): Enter the output file name (ie. buck_WY16): ********** generating the forcing file, please be patient **********
********** should take ~3 minutes to run **********
Coordinates 40.61552810668945°N -111.62660217285156°E
Elevation 2684.0 m asl
Timezone b'America/Los_Angeles' b'PDT'
Timezone difference to GMT+0 -25200 s
forcing file created, now running summa
Model status: Success
summa run complete, check output folder for output file
density or tempResponse(data={'text': 'SUMMA-HRRR Snow Depth and Temperature 48hr Forecast initialized 02Nov2024 for Alta, UT (Atwater).\n\nThis tool is automated, experimental, and should not be relied on for decision making. Please refer to https://t.co/odY1QLwZ5F for the avalanche forecast. https://t.co/q47b4gU64r', 'edit_history_tweet_ids': ['1852654566418067535'], 'id': '1852654566418067535'}, includes={}, errors=[], meta={})
Enter the desired SNOTEL site code (ie. 1107:WA): Enter the output file name (ie. buck_WY16): ********** generating the forcing file, please be patient **********
********** should take ~3 minutes to run **********
Coordinates 40.61552810668945°N -111.62660217285156°E
Elevation 2684.0 m asl
Timezone b'America/Los_Angeles' b'PST'
Timezone difference to GMT+0 -28800 s
forcing file created, now running summa
Model status: Success
summa run complete, check output folder for output file
density or tempResponse(data={'edit_history_tweet_ids': ['1853032058593185797'], 'id': '1853032058593185797', 'text': 'SUMMA-HRRR Snow Depth and Temperature 48hr Forecast initialized 03Nov2024 for Alta, UT (Atwater).\n\nThis tool is automated, experimental, and should not be relied on for decision making. Please refer to https://t.co/odY1QLwZ5F for the avalanche forecast. https://t.co/PTkgQTFP4F'}, includes={}, errors=[], meta={})
Enter the desired SNOTEL site code (ie. 1107:WA): Enter the output file name (ie. buck_WY16): ********** generating the forcing file, please be patient **********
********** should take ~3 minutes to run **********
Coordinates 40.61552810668945°N -111.62660217285156°E
Elevation 2684.0 m asl
Timezone b'America/Los_Angeles' b'PST'
Timezone difference to GMT+0 -28800 s
forcing file created, now running summa
Model status: Success
summa run complete, check output folder for output file
density or tempResponse(data={'edit_history_tweet_ids': ['1853394446878183713'], 'text': 'SUMMA-HRRR Snow Depth and Temperature 48hr Forecast initialized 04Nov2024 for Alta, UT (Atwater).\n\nThis tool is automated, experimental, and should not be relied on for decision making. Please refer to https://t.co/odY1QLwZ5F for the avalanche forecast. https://t.co/ItjeFNS4bS', 'id': '1853394446878183713'}, includes={}, errors=[], meta={})
Enter the desired SNOTEL site code (ie. 1107:WA): Enter the output file name (ie. buck_WY16): ********** generating the forcing file, please be patient **********
********** should take ~3 minutes to run **********
Coordinates 40.61552810668945°N -111.62660217285156°E
Elevation 2684.0 m asl
Timezone b'America/Los_Angeles' b'PST'
Timezone difference to GMT+0 -28800 s
forcing file created, now running summa
Model status: Success
summa run complete, check output folder for output file
density or tempResponse(data={'text': 'SUMMA-HRRR Snow Depth and Temperature 48hr Forecast initialized 05Nov2024 for Alta, UT (Atwater).\n\nThis tool is automated, experimental, and should not be relied on for decision making. Please refer to https://t.co/odY1QLwZ5F for the avalanche forecast. https://t.co/FYsELDbXPK', 'edit_history_tweet_ids': ['1853756835247038654'], 'id': '1853756835247038654'}, includes={}, errors=[], meta={})
Enter the desired SNOTEL site code (ie. 1107:WA): Enter the output file name (ie. buck_WY16): ********** generating the forcing file, please be patient **********
********** should take ~3 minutes to run **********
Coordinates 40.61552810668945°N -111.62660217285156°E
Elevation 2684.0 m asl
Timezone b'America/Los_Angeles' b'PST'
Timezone difference to GMT+0 -28800 s
forcing file created, now running summa
Model status: Success
summa run complete, check output folder for output file
density or tempResponse(data={'id': '1854119220449366456', 'text': 'SUMMA-HRRR Snow Depth and Temperature 48hr Forecast initialized 06Nov2024 for Alta, UT (Atwater).\n\nThis tool is automated, experimental, and should not be relied on for decision making. Please refer to https://t.co/odY1QLwZ5F for the avalanche forecast. https://t.co/9ZZgbox0EL', 'edit_history_tweet_ids': ['1854119220449366456']}, includes={}, errors=[], meta={})
Enter the desired SNOTEL site code (ie. 1107:WA): Enter the output file name (ie. buck_WY16): ********** generating the forcing file, please be patient **********
********** should take ~3 minutes to run **********
Coordinates 40.61552810668945°N -111.62660217285156°E
Elevation 2684.0 m asl
Timezone b'America/Los_Angeles' b'PST'
Timezone difference to GMT+0 -28800 s
forcing file created, now running summa
Model status: Success
summa run complete, check output folder for output file
density or tempResponse(data={'text': 'SUMMA-HRRR Snow Depth and Temperature 48hr Forecast initialized 07Nov2024 for Alta, UT (Atwater).\n\nThis tool is automated, experimental, and should not be relied on for decision making. Please refer to https://t.co/odY1QLwZ5F for the avalanche forecast. https://t.co/QIwRYCY3wB', 'edit_history_tweet_ids': ['1854481612697907574'], 'id': '1854481612697907574'}, includes={}, errors=[], meta={})
Enter the desired SNOTEL site code (ie. 1107:WA): Enter the output file name (ie. buck_WY16): ********** generating the forcing file, please be patient **********
********** should take ~3 minutes to run **********
Coordinates 40.61552810668945°N -111.62660217285156°E
Elevation 2684.0 m asl
Timezone b'America/Los_Angeles' b'PST'
Timezone difference to GMT+0 -28800 s
forcing file created, now running summa
Model status: Success
summa run complete, check output folder for output file
density or tempResponse(data={'text': 'SUMMA-HRRR Snow Depth and Temperature 48hr Forecast initialized 08Nov2024 for Alta, UT (Atwater).\n\nThis tool is automated, experimental, and should not be relied on for decision making. Please refer to https://t.co/odY1QLwZ5F for the avalanche forecast. https://t.co/OZo1xZ8yEC', 'edit_history_tweet_ids': ['1854844002786590868'], 'id': '1854844002786590868'}, includes={}, errors=[], meta={})
Enter the desired SNOTEL site code (ie. 1107:WA): Enter the output file name (ie. buck_WY16): ********** generating the forcing file, please be patient **********
********** should take ~3 minutes to run **********
Coordinates 40.61552810668945°N -111.62660217285156°E
Elevation 2684.0 m asl
Timezone b'America/Los_Angeles' b'PST'
Timezone difference to GMT+0 -28800 s
forcing file created, now running summa
Model status: Success
summa run complete, check output folder for output file
density or tempResponse(data={'id': '1855206393105764674', 'text': 'SUMMA-HRRR Snow Depth and Temperature 48hr Forecast initialized 09Nov2024 for Alta, UT (Atwater).\n\nThis tool is automated, experimental, and should not be relied on for decision making. Please refer to https://t.co/odY1QLwZ5F for the avalanche forecast. https://t.co/dnT23ysSeF', 'edit_history_tweet_ids': ['1855206393105764674']}, includes={}, errors=[], meta={})
Enter the desired SNOTEL site code (ie. 1107:WA): Enter the output file name (ie. buck_WY16): ********** generating the forcing file, please be patient **********
********** should take ~3 minutes to run **********
Coordinates 40.61552810668945°N -111.62660217285156°E
Elevation 2684.0 m asl
Timezone b'America/Los_Angeles' b'PST'
Timezone difference to GMT+0 -28800 s
forcing file created, now running summa
Model status: Success
summa run complete, check output folder for output file
density or tempResponse(data={'text': 'SUMMA-HRRR Snow Depth and Temperature 48hr Forecast initialized 10Nov2024 for Alta, UT (Atwater).\n\nThis tool is automated, experimental, and should not be relied on for decision making. Please refer to https://t.co/odY1QLwZ5F for the avalanche forecast. https://t.co/4MHySWWBfW', 'id': '1855568784545009730', 'edit_history_tweet_ids': ['1855568784545009730']}, includes={}, errors=[], meta={})
Enter the desired SNOTEL site code (ie. 1107:WA): Enter the output file name (ie. buck_WY16): ********** generating the forcing file, please be patient **********
********** should take ~3 minutes to run **********
Coordinates 40.61552810668945°N -111.62660217285156°E
Elevation 2684.0 m asl
Timezone b'America/Los_Angeles' b'PST'
Timezone difference to GMT+0 -28800 s
forcing file created, now running summa
Model status: Success
summa run complete, check output folder for output file
density or tempResponse(data={'id': '1855931177967984922', 'text': 'SUMMA-HRRR Snow Depth and Temperature 48hr Forecast initialized 11Nov2024 for Alta, UT (Atwater).\n\nThis tool is automated, experimental, and should not be relied on for decision making. Please refer to https://t.co/odY1QLwZ5F for the avalanche forecast. https://t.co/0S2zujhUDI', 'edit_history_tweet_ids': ['1855931177967984922']}, includes={}, errors=[], meta={})
Enter the desired SNOTEL site code (ie. 1107:WA): Enter the output file name (ie. buck_WY16): ********** generating the forcing file, please be patient **********
********** should take ~3 minutes to run **********
Coordinates 40.61552810668945°N -111.62660217285156°E
Elevation 2684.0 m asl
Timezone b'America/Los_Angeles' b'PST'
Timezone difference to GMT+0 -28800 s
forcing file created, now running summa
Model status: Success
summa run complete, check output folder for output file
density or tempResponse(data={'id': '1856293557386240058', 'edit_history_tweet_ids': ['1856293557386240058'], 'text': 'SUMMA-HRRR Snow Depth and Temperature 48hr Forecast initialized 12Nov2024 for Alta, UT (Atwater).\n\nThis tool is automated, experimental, and should not be relied on for decision making. Please refer to https://t.co/odY1QLwZ5F for the avalanche forecast. https://t.co/m8R0J6OOyo'}, includes={}, errors=[], meta={})
Enter the desired SNOTEL site code (ie. 1107:WA): Enter the output file name (ie. buck_WY16): ********** generating the forcing file, please be patient **********
********** should take ~3 minutes to run **********
Coordinates 40.61552810668945°N -111.62660217285156°E
Elevation 2684.0 m asl
Timezone b'America/Los_Angeles' b'PST'
Timezone difference to GMT+0 -28800 s
forcing file created, now running summa
Model status: Success
summa run complete, check output folder for output file
density or tempResponse(data={'id': '1856655948267573360', 'edit_history_tweet_ids': ['1856655948267573360'], 'text': 'SUMMA-HRRR Snow Depth and Temperature 48hr Forecast initialized 13Nov2024 for Alta, UT (Atwater).\n\nThis tool is automated, experimental, and should not be relied on for decision making. Please refer to https://t.co/odY1QLwZ5F for the avalanche forecast. https://t.co/3Y8vFCxFSb'}, includes={}, errors=[], meta={})
Enter the desired SNOTEL site code (ie. 1107:WA): Enter the output file name (ie. buck_WY16): ********** generating the forcing file, please be patient **********
********** should take ~3 minutes to run **********
Coordinates 40.61552810668945°N -111.62660217285156°E
Elevation 2684.0 m asl
Timezone b'America/Los_Angeles' b'PST'
Timezone difference to GMT+0 -28800 s
forcing file created, now running summa
Model status: Success
summa run complete, check output folder for output file
density or tempResponse(data={'id': '1857018338762703274', 'edit_history_tweet_ids': ['1857018338762703274'], 'text': 'SUMMA-HRRR Snow Depth and Temperature 48hr Forecast initialized 14Nov2024 for Alta, UT (Atwater).\n\nThis tool is automated, experimental, and should not be relied on for decision making. Please refer to https://t.co/odY1QLwrg7 for the avalanche forecast. https://t.co/Mh873PdL7l'}, includes={}, errors=[], meta={})
Enter the desired SNOTEL site code (ie. 1107:WA): Enter the output file name (ie. buck_WY16): ********** generating the forcing file, please be patient **********
********** should take ~3 minutes to run **********
Coordinates 40.61552810668945°N -111.62660217285156°E
Elevation 2684.0 m asl
Timezone b'America/Los_Angeles' b'PST'
Timezone difference to GMT+0 -28800 s
forcing file created, now running summa
Model status: Success
summa run complete, check output folder for output file
density or tempResponse(data={'id': '1857380723965215128', 'edit_history_tweet_ids': ['1857380723965215128'], 'text': 'SUMMA-HRRR Snow Depth and Temperature 48hr Forecast initialized 15Nov2024 for Alta, UT (Atwater).\n\nThis tool is automated, experimental, and should not be relied on for decision making. Please refer to https://t.co/odY1QLwZ5F for the avalanche forecast. https://t.co/31CeJtdaIO'}, includes={}, errors=[], meta={})
Enter the desired SNOTEL site code (ie. 1107:WA): Enter the output file name (ie. buck_WY16): ********** generating the forcing file, please be patient **********
********** should take ~3 minutes to run **********
Coordinates 40.61552810668945°N -111.62660217285156°E
Elevation 2684.0 m asl
Timezone b'America/Los_Angeles' b'PST'
Timezone difference to GMT+0 -28800 s
forcing file created, now running summa
Model status: Success
summa run complete, check output folder for output file
density or tempResponse(data={'edit_history_tweet_ids': ['1857743115152666948'], 'id': '1857743115152666948', 'text': 'SUMMA-HRRR Snow Depth and Temperature 48hr Forecast initialized 16Nov2024 for Alta, UT (Atwater).\n\nThis tool is automated, experimental, and should not be relied on for decision making. Please refer to https://t.co/odY1QLwZ5F for the avalanche forecast. https://t.co/MprORH5mZL'}, includes={}, errors=[], meta={})
Enter the desired SNOTEL site code (ie. 1107:WA): Enter the output file name (ie. buck_WY16): ********** generating the forcing file, please be patient **********
********** should take ~3 minutes to run **********
Coordinates 40.61552810668945°N -111.62660217285156°E
Elevation 2684.0 m asl
Timezone b'America/Los_Angeles' b'PST'
Timezone difference to GMT+0 -28800 s
forcing file created, now running summa
Model status: Success
summa run complete, check output folder for output file
density or tempResponse(data={'edit_history_tweet_ids': ['1858105503349616864'], 'text': 'SUMMA-HRRR Snow Depth and Temperature 48hr Forecast initialized 17Nov2024 for Alta, UT (Atwater).\n\nThis tool is automated, experimental, and should not be relied on for decision making. Please refer to https://t.co/odY1QLwZ5F for the avalanche forecast. https://t.co/dmdai95ddA', 'id': '1858105503349616864'}, includes={}, errors=[], meta={})
Enter the desired SNOTEL site code (ie. 1107:WA): Enter the output file name (ie. buck_WY16): ********** generating the forcing file, please be patient **********
********** should take ~3 minutes to run **********
Coordinates 40.61552810668945°N -111.62660217285156°E
Elevation 2684.0 m asl
Timezone b'America/Los_Angeles' b'PST'
Timezone difference to GMT+0 -28800 s
forcing file created, now running summa
Model status: Success
summa run complete, check output folder for output file
density or tempResponse(data={'edit_history_tweet_ids': ['1858467893807370610'], 'text': 'SUMMA-HRRR Snow Depth and Temperature 48hr Forecast initialized 18Nov2024 for Alta, UT (Atwater).\n\nThis tool is automated, experimental, and should not be relied on for decision making. Please refer to https://t.co/odY1QLwZ5F for the avalanche forecast. https://t.co/gcjBjiZruG', 'id': '1858467893807370610'}, includes={}, errors=[], meta={})
Enter the desired SNOTEL site code (ie. 1107:WA): Enter the output file name (ie. buck_WY16): ********** generating the forcing file, please be patient **********
********** should take ~3 minutes to run **********
Coordinates 40.61552810668945°N -111.62660217285156°E
Elevation 2684.0 m asl
Timezone b'America/Los_Angeles' b'PST'
Timezone difference to GMT+0 -28800 s
forcing file created, now running summa
Model status: Success
summa run complete, check output folder for output file
density or tempResponse(data={'text': 'SUMMA-HRRR Snow Depth and Temperature 48hr Forecast initialized 19Nov2024 for Alta, UT (Atwater).\n\nThis tool is automated, experimental, and should not be relied on for decision making. Please refer to https://t.co/odY1QLwZ5F for the avalanche forecast. https://t.co/6ioQJmbT67', 'edit_history_tweet_ids': ['1858830286852911492'], 'id': '1858830286852911492'}, includes={}, errors=[], meta={})
Enter the desired SNOTEL site code (ie. 1107:WA): Enter the output file name (ie. buck_WY16): ********** generating the forcing file, please be patient **********
********** should take ~3 minutes to run **********
Coordinates 40.61552810668945°N -111.62660217285156°E
Elevation 2684.0 m asl
Timezone b'America/Los_Angeles' b'PST'
Timezone difference to GMT+0 -28800 s
forcing file created, now running summa
Model status: Success
summa run complete, check output folder for output file
density or tempResponse(data={'id': '1859192671782494242', 'edit_history_tweet_ids': ['1859192671782494242'], 'text': 'SUMMA-HRRR Snow Depth and Temperature 48hr Forecast initialized 20Nov2024 for Alta, UT (Atwater).\n\nThis tool is automated, experimental, and should not be relied on for decision making. Please refer to https://t.co/odY1QLwZ5F for the avalanche forecast. https://t.co/cSmSXIZZ2a'}, includes={}, errors=[], meta={})
Enter the desired SNOTEL site code (ie. 1107:WA): Enter the output file name (ie. buck_WY16): ********** generating the forcing file, please be patient **********
********** should take ~3 minutes to run **********
Coordinates 40.61552810668945°N -111.62660217285156°E
Elevation 2684.0 m asl
Timezone b'America/Los_Angeles' b'PST'
Timezone difference to GMT+0 -28800 s
forcing file created, now running summa
Model status: Success
summa run complete, check output folder for output file
density or tempResponse(data={'text': 'SUMMA-HRRR Snow Depth and Temperature 48hr Forecast initialized 21Nov2024 for Alta, UT (Atwater).\n\nThis tool is automated, experimental, and should not be relied on for decision making. Please refer to https://t.co/odY1QLwZ5F for the avalanche forecast. https://t.co/mOkxh7sfnB', 'id': '1859555055575368105', 'edit_history_tweet_ids': ['1859555055575368105']}, includes={}, errors=[], meta={})
Enter the desired SNOTEL site code (ie. 1107:WA): Enter the output file name (ie. buck_WY16): ********** generating the forcing file, please be patient **********
********** should take ~3 minutes to run **********
Coordinates 40.61552810668945°N -111.62660217285156°E
Elevation 2684.0 m asl
Timezone b'America/Los_Angeles' b'PST'
Timezone difference to GMT+0 -28800 s
forcing file created, now running summa
Model status: Success
summa run complete, check output folder for output file
density or tempResponse(data={'id': '1859917452513259722', 'text': 'SUMMA-HRRR Snow Depth and Temperature 48hr Forecast initialized 22Nov2024 for Alta, UT (Atwater).\n\nThis tool is automated, experimental, and should not be relied on for decision making. Please refer to https://t.co/odY1QLwZ5F for the avalanche forecast. https://t.co/q6wWg7xxBc', 'edit_history_tweet_ids': ['1859917452513259722']}, includes={}, errors=[], meta={})
Enter the desired SNOTEL site code (ie. 1107:WA): Enter the output file name (ie. buck_WY16): ********** generating the forcing file, please be patient **********
********** should take ~3 minutes to run **********
Coordinates 40.61552810668945°N -111.62660217285156°E
Elevation 2684.0 m asl
Timezone b'America/Los_Angeles' b'PST'
Timezone difference to GMT+0 -28800 s
forcing file created, now running summa
Model status: Success
summa run complete, check output folder for output file
density or tempResponse(data={'id': '1860279837157642646', 'edit_history_tweet_ids': ['1860279837157642646'], 'text': 'SUMMA-HRRR Snow Depth and Temperature 48hr Forecast initialized 23Nov2024 for Alta, UT (Atwater).\n\nThis tool is automated, experimental, and should not be relied on for decision making. Please refer to https://t.co/odY1QLwZ5F for the avalanche forecast. https://t.co/wh4CMUyoYG'}, includes={}, errors=[], meta={})
Enter the desired SNOTEL site code (ie. 1107:WA): Enter the output file name (ie. buck_WY16): ********** generating the forcing file, please be patient **********
********** should take ~3 minutes to run **********
Coordinates 40.61552810668945°N -111.62660217285156°E
Elevation 2684.0 m asl
Timezone b'America/Los_Angeles' b'PST'
Timezone difference to GMT+0 -28800 s
forcing file created, now running summa
Model status: Success
summa run complete, check output folder for output file
density or tempResponse(data={'edit_history_tweet_ids': ['1860642225182675422'], 'id': '1860642225182675422', 'text': 'SUMMA-HRRR Snow Depth and Temperature 48hr Forecast initialized 24Nov2024 for Alta, UT (Atwater).\n\nThis tool is automated, experimental, and should not be relied on for decision making. Please refer to https://t.co/odY1QLwZ5F for the avalanche forecast. https://t.co/Hntv0suavQ'}, includes={}, errors=[], meta={})
Enter the desired SNOTEL site code (ie. 1107:WA): Enter the output file name (ie. buck_WY16): ********** generating the forcing file, please be patient **********
********** should take ~3 minutes to run **********
Coordinates 40.61552810668945°N -111.62660217285156°E
Elevation 2684.0 m asl
Timezone b'America/Los_Angeles' b'PST'
Timezone difference to GMT+0 -28800 s
forcing file created, now running summa
Model status: Success
summa run complete, check output folder for output file
density or tempResponse(data={'edit_history_tweet_ids': ['1861004616529596652'], 'text': 'SUMMA-HRRR Snow Depth and Temperature 48hr Forecast initialized 25Nov2024 for Alta, UT (Atwater).\n\nThis tool is automated, experimental, and should not be relied on for decision making. Please refer to https://t.co/odY1QLwZ5F for the avalanche forecast. https://t.co/tDByhOH8Nn', 'id': '1861004616529596652'}, includes={}, errors=[], meta={})
Enter the desired SNOTEL site code (ie. 1107:WA): Enter the output file name (ie. buck_WY16): ********** generating the forcing file, please be patient **********
********** should take ~3 minutes to run **********
Coordinates 40.61552810668945°N -111.62660217285156°E
Elevation 2684.0 m asl
Timezone b'America/Los_Angeles' b'PST'
Timezone difference to GMT+0 -28800 s
forcing file created, now running summa
Model status: Success
summa run complete, check output folder for output file
density or tempResponse(data={'id': '1861367003862442052', 'edit_history_tweet_ids': ['1861367003862442052'], 'text': 'SUMMA-HRRR Snow Depth and Temperature 48hr Forecast initialized 26Nov2024 for Alta, UT (Atwater).\n\nThis tool is automated, experimental, and should not be relied on for decision making. Please refer to https://t.co/odY1QLwZ5F for the avalanche forecast. https://t.co/zybjoF5f3y'}, includes={}, errors=[], meta={})
Enter the desired SNOTEL site code (ie. 1107:WA): Enter the output file name (ie. buck_WY16): ********** generating the forcing file, please be patient **********
********** should take ~3 minutes to run **********
Coordinates 40.61552810668945°N -111.62660217285156°E
Elevation 2684.0 m asl
Timezone b'America/Los_Angeles' b'PST'
Timezone difference to GMT+0 -28800 s
forcing file created, now running summa
Model status: Success
summa run complete, check output folder for output file
density or tempResponse(data={'edit_history_tweet_ids': ['1861729396224328178'], 'text': 'SUMMA-HRRR Snow Depth and Temperature 48hr Forecast initialized 27Nov2024 for Alta, UT (Atwater).\n\nThis tool is automated, experimental, and should not be relied on for decision making. Please refer to https://t.co/odY1QLwZ5F for the avalanche forecast. https://t.co/RthFgfewQm', 'id': '1861729396224328178'}, includes={}, errors=[], meta={})
Enter the desired SNOTEL site code (ie. 1107:WA): Enter the output file name (ie. buck_WY16): ********** generating the forcing file, please be patient **********
********** should take ~3 minutes to run **********
Coordinates 40.61552810668945°N -111.62660217285156°E
Elevation 2684.0 m asl
Timezone b'America/Los_Angeles' b'PST'
Timezone difference to GMT+0 -28800 s
forcing file created, now running summa
Model status: Success
summa run complete, check output folder for output file
density or tempResponse(data={'edit_history_tweet_ids': ['1862091785570488622'], 'id': '1862091785570488622', 'text': 'SUMMA-HRRR Snow Depth and Temperature 48hr Forecast initialized 28Nov2024 for Alta, UT (Atwater).\n\nThis tool is automated, experimental, and should not be relied on for decision making. Please refer to https://t.co/odY1QLwZ5F for the avalanche forecast. https://t.co/z0iznfb9RV'}, includes={}, errors=[], meta={})
Enter the desired SNOTEL site code (ie. 1107:WA): Enter the output file name (ie. buck_WY16): ********** generating the forcing file, please be patient **********
********** should take ~3 minutes to run **********
Coordinates 40.61552810668945°N -111.62660217285156°E
Elevation 2684.0 m asl
Timezone b'America/Los_Angeles' b'PST'
Timezone difference to GMT+0 -28800 s
forcing file created, now running summa
Model status: Success
summa run complete, check output folder for output file
density or tempResponse(data={'edit_history_tweet_ids': ['1862454174719545497'], 'text': 'SUMMA-HRRR Snow Depth and Temperature 48hr Forecast initialized 29Nov2024 for Alta, UT (Atwater).\n\nThis tool is automated, experimental, and should not be relied on for decision making. Please refer to https://t.co/odY1QLwZ5F for the avalanche forecast. https://t.co/0NATc7CYyk', 'id': '1862454174719545497'}, includes={}, errors=[], meta={})
Enter the desired SNOTEL site code (ie. 1107:WA): Enter the output file name (ie. buck_WY16): ********** generating the forcing file, please be patient **********
********** should take ~3 minutes to run **********
Coordinates 40.61552810668945°N -111.62660217285156°E
Elevation 2684.0 m asl
Timezone b'America/Los_Angeles' b'PST'
Timezone difference to GMT+0 -28800 s
forcing file created, now running summa
Model status: Success
summa run complete, check output folder for output file
density or tempResponse(data={'edit_history_tweet_ids': ['1862816562375430263'], 'id': '1862816562375430263', 'text': 'SUMMA-HRRR Snow Depth and Temperature 48hr Forecast initialized 30Nov2024 for Alta, UT (Atwater).\n\nThis tool is automated, experimental, and should not be relied on for decision making. Please refer to https://t.co/odY1QLwZ5F for the avalanche forecast. https://t.co/WE7hRp11k9'}, includes={}, errors=[], meta={})
Enter the desired SNOTEL site code (ie. 1107:WA): Enter the output file name (ie. buck_WY16): ********** generating the forcing file, please be patient **********
********** should take ~3 minutes to run **********
Coordinates 40.61552810668945°N -111.62660217285156°E
Elevation 2684.0 m asl
Timezone b'America/Los_Angeles' b'PST'
Timezone difference to GMT+0 -28800 s
forcing file created, now running summa
Model status: Success
summa run complete, check output folder for output file
density or tempResponse(data={'edit_history_tweet_ids': ['1863178954221420993'], 'text': 'SUMMA-HRRR Snow Depth and Temperature 48hr Forecast initialized 01Dec2024 for Alta, UT (Atwater).\n\nThis tool is automated, experimental, and should not be relied on for decision making. Please refer to https://t.co/odY1QLwZ5F for the avalanche forecast. https://t.co/AN3wMDjS3J', 'id': '1863178954221420993'}, includes={}, errors=[], meta={})
Enter the desired SNOTEL site code (ie. 1107:WA): Enter the output file name (ie. buck_WY16): ********** generating the forcing file, please be patient **********
********** should take ~3 minutes to run **********
Coordinates 40.61552810668945°N -111.62660217285156°E
Elevation 2684.0 m asl
Timezone b'America/Los_Angeles' b'PST'
Timezone difference to GMT+0 -28800 s
forcing file created, now running summa
Model status: Success
summa run complete, check output folder for output file
density or tempResponse(data={'edit_history_tweet_ids': ['1863541338127601674'], 'id': '1863541338127601674', 'text': 'SUMMA-HRRR Snow Depth and Temperature 48hr Forecast initialized 02Dec2024 for Alta, UT (Atwater).\n\nThis tool is automated, experimental, and should not be relied on for decision making. Please refer to https://t.co/odY1QLwZ5F for the avalanche forecast. https://t.co/3kRH10f0gR'}, includes={}, errors=[], meta={})
Enter the desired SNOTEL site code (ie. 1107:WA): Enter the output file name (ie. buck_WY16): ********** generating the forcing file, please be patient **********
********** should take ~3 minutes to run **********
Coordinates 40.61552810668945°N -111.62660217285156°E
Elevation 2684.0 m asl
Timezone b'America/Los_Angeles' b'PST'
Timezone difference to GMT+0 -28800 s
forcing file created, now running summa
Model status: Success
summa run complete, check output folder for output file
density or tempResponse(data={'edit_history_tweet_ids': ['1863903731596828676'], 'id': '1863903731596828676', 'text': 'SUMMA-HRRR Snow Depth and Temperature 48hr Forecast initialized 03Dec2024 for Alta, UT (Atwater).\n\nThis tool is automated, experimental, and should not be relied on for decision making. Please refer to https://t.co/odY1QLwZ5F for the avalanche forecast. https://t.co/QrDVp2OUZY'}, includes={}, errors=[], meta={})
Enter the desired SNOTEL site code (ie. 1107:WA): Enter the output file name (ie. buck_WY16): ********** generating the forcing file, please be patient **********
********** should take ~3 minutes to run **********
Coordinates 40.61552810668945°N -111.62660217285156°E
Elevation 2684.0 m asl
Timezone b'America/Los_Angeles' b'PST'
Timezone difference to GMT+0 -28800 s
forcing file created, now running summa
Model status: Success
summa run complete, check output folder for output file
density or tempResponse(data={'edit_history_tweet_ids': ['1864266134373175610'], 'id': '1864266134373175610', 'text': 'SUMMA-HRRR Snow Depth and Temperature 48hr Forecast initialized 04Dec2024 for Alta, UT (Atwater).\n\nThis tool is automated, experimental, and should not be relied on for decision making. Please refer to https://t.co/odY1QLwZ5F for the avalanche forecast. https://t.co/lKa5kA5Ei2'}, includes={}, errors=[], meta={})
Enter the desired SNOTEL site code (ie. 1107:WA): Enter the output file name (ie. buck_WY16): ********** generating the forcing file, please be patient **********
********** should take ~3 minutes to run **********
Coordinates 40.61552810668945°N -111.62660217285156°E
Elevation 2684.0 m asl
Timezone b'America/Los_Angeles' b'PST'
Timezone difference to GMT+0 -28800 s
forcing file created, now running summa
Model status: Success
summa run complete, check output folder for output file
density or tempResponse(data={'edit_history_tweet_ids': ['1864628507869106372'], 'text': 'SUMMA-HRRR Snow Depth and Temperature 48hr Forecast initialized 05Dec2024 for Alta, UT (Atwater).\n\nThis tool is automated, experimental, and should not be relied on for decision making. Please refer to https://t.co/odY1QLwZ5F for the avalanche forecast. https://t.co/KEyA7h8TAr', 'id': '1864628507869106372'}, includes={}, errors=[], meta={})
Enter the desired SNOTEL site code (ie. 1107:WA): Enter the output file name (ie. buck_WY16): ********** generating the forcing file, please be patient **********
********** should take ~3 minutes to run **********
Coordinates 40.61552810668945°N -111.62660217285156°E
Elevation 2684.0 m asl
Timezone b'America/Los_Angeles' b'PST'
Timezone difference to GMT+0 -28800 s
forcing file created, now running summa
Model status: Success
summa run complete, check output folder for output file
density or tempResponse(data={'text': 'SUMMA-HRRR Snow Depth and Temperature 48hr Forecast initialized 06Dec2024 for Alta, UT (Atwater).\n\nThis tool is automated, experimental, and should not be relied on for decision making. Please refer to https://t.co/odY1QLwZ5F for the avalanche forecast. https://t.co/Oezjcd0t0T', 'id': '1864990897492103209', 'edit_history_tweet_ids': ['1864990897492103209']}, includes={}, errors=[], meta={})
Enter the desired SNOTEL site code (ie. 1107:WA): Enter the output file name (ie. buck_WY16): ********** generating the forcing file, please be patient **********
********** should take ~3 minutes to run **********
Coordinates 40.61552810668945°N -111.62660217285156°E
Elevation 2684.0 m asl
Timezone b'America/Los_Angeles' b'PST'
Timezone difference to GMT+0 -28800 s
forcing file created, now running summa
Model status: Success
summa run complete, check output folder for output file
density or tempResponse(data={'text': 'SUMMA-HRRR Snow Depth and Temperature 48hr Forecast initialized 07Dec2024 for Alta, UT (Atwater).\n\nThis tool is automated, experimental, and should not be relied on for decision making. Please refer to https://t.co/odY1QLwZ5F for the avalanche forecast. https://t.co/8mGZaadXmo', 'edit_history_tweet_ids': ['1865353287253524826'], 'id': '1865353287253524826'}, includes={}, errors=[], meta={})
Enter the desired SNOTEL site code (ie. 1107:WA): Enter the output file name (ie. buck_WY16): ********** generating the forcing file, please be patient **********
********** should take ~3 minutes to run **********
Coordinates 40.61552810668945°N -111.62660217285156°E
Elevation 2684.0 m asl
Timezone b'America/Los_Angeles' b'PST'
Timezone difference to GMT+0 -28800 s
forcing file created, now running summa
Model status: Success
summa run complete, check output folder for output file
density or tempResponse(data={'text': 'SUMMA-HRRR Snow Depth and Temperature 48hr Forecast initialized 08Dec2024 for Alta, UT (Atwater).\n\nThis tool is automated, experimental, and should not be relied on for decision making. Please refer to https://t.co/odY1QLwZ5F for the avalanche forecast. https://t.co/XQFwKUIbRf', 'edit_history_tweet_ids': ['1865715674729099604'], 'id': '1865715674729099604'}, includes={}, errors=[], meta={})
Enter the desired SNOTEL site code (ie. 1107:WA): Enter the output file name (ie. buck_WY16): ********** generating the forcing file, please be patient **********
********** should take ~3 minutes to run **********
Coordinates 40.61552810668945°N -111.62660217285156°E
Elevation 2684.0 m asl
Timezone b'America/Los_Angeles' b'PST'
Timezone difference to GMT+0 -28800 s
forcing file created, now running summa
Model status: Success
summa run complete, check output folder for output file
density or tempResponse(data={'id': '1866078062384992558', 'edit_history_tweet_ids': ['1866078062384992558'], 'text': 'SUMMA-HRRR Snow Depth and Temperature 48hr Forecast initialized 09Dec2024 for Alta, UT (Atwater).\n\nThis tool is automated, experimental, and should not be relied on for decision making. Please refer to https://t.co/odY1QLwZ5F for the avalanche forecast. https://t.co/2kku99NBc5'}, includes={}, errors=[], meta={})
